// Jest Snapshot v1, https://goo.gl/fbAQLP

exports[`Navbar snapshot 1`] = `
<nav
  className="sticky"
>
  <div
    className="secondNavbar"
  >
    <ul
      className="thirdList"
    >
      <li
        className="navItem"
      >
        <i />
        For him
      </li>
      <li
        className="navItem"
      >
        <i />
        For her
      </li>
      <li
        className="navItem"
      >
        <i />
        Kids
      </li>
      <li
        className="navItem"
        onClick={[Function]}
      >
        <i />
        <a
          className="navbarLink"
          href="/"
          onClick={[Function]}
        >
          About
        </a>
      </li>
      <li
        className="navItem"
        onClick={[Function]}
      >
        <i />
        <a
          className="navbarLink"
          href="/"
          onClick={[Function]}
        >
          Contact
        </a>
      </li>
    </ul>
  </div>
</nav>
`;
