// Jest Snapshot v1, https://goo.gl/fbAQLP

exports[`Navbar snapshot 1`] = `
<nav
  className="sticky"
>
  <div
    className="secondNavbar"
  >
    <ul
      className="thirdList"
    >
      <li
        className="navItem"
      >
        <button
          className="navItemButton"
          type="button"
        >
          <i />
          For him
        </button>
      </li>
      <li
        className="navItem"
      >
        <button
          className="navItemButton"
          type="button"
        >
          <i />
          For her
        </button>
      </li>
      <li
        className="navItem"
      >
        <button
          className="navItemButton"
          type="button"
        >
          <i />
          Kids
        </button>
      </li>
      <li
        className="navItem"
      >
        <button
          className="navItemButton"
          onClick={[Function]}
          type="button"
        >
          <i />
          <a
            className="navbarLink"
            href="/"
            onClick={[Function]}
          >
            About
          </a>
        </button>
      </li>
      <li
        className="navItem"
      >
        <button
          className="navItemButton"
          onClick={[Function]}
          type="button"
        >
          <i />
          <a
            className="navbarLink"
            href="/"
            onClick={[Function]}
          >
            Contact
          </a>
        </button>
      </li>
    </ul>
  </div>
</nav>
`;
