// Jest Snapshot v1, https://goo.gl/fbAQLP

exports[`Header snapshot 1`] = `
<header
  id="mainHeader"
>
  <div
    className=""
    id="outsideAlert"
  >
    <div
      id="leftNavDiv"
    >
      <ul
        className=""
        id="leftNav"
      >
        <a
          className="link"
          href="/login"
          onClick={[Function]}
        >
          <li
            className="navItem"
          >
            <button
              className="navItemButton false"
              disabled={false}
              onClick={[Function]}
              type="button"
            >
              <i
                className="icon-login"
              />
              Sign in
            </button>
          </li>
        </a>
        <a
          className="link"
          href="/register"
          onClick={[Function]}
        >
          <li
            className="navItem"
          >
            <button
              className="navItemButton false"
              disabled={false}
              onClick={[Function]}
              type="button"
            >
              <i />
              Register
            </button>
          </li>
        </a>
        <li
          className="navItem"
        >
          <button
            className="navItemButton false"
            disabled={false}
            onClick={[Function]}
            type="button"
          >
            <i
              className="icon-search"
            />
            Search
          </button>
        </li>
      </ul>
    </div>
  </div>
  <nav
    id="firstNavbar"
  >
    <button
      className="hamburgerButton"
      onClick={[Function]}
      type="button"
    >
      <span
        className="bar"
      />
      <span
        className="bar"
      />
      <span
        className="bar"
      />
    </button>
    <a
      className="link"
      href="/"
      onClick={[Function]}
    >
      <h1
        className="logo"
      >
        SuitUp
      </h1>
    </a>
    <ul
      id="rightNav"
    >
      <li
        className="navItem"
      >
        <button
          className="navItemButton false"
          disabled={false}
          type="button"
        >
          <i
            className="icon-gift"
          />
          Gift Certificate
        </button>
      </li>
      <li
        className="navItem"
      >
        <button
          className="navItemButton false"
          disabled={false}
          type="button"
        >
          <i
            className="icon-basket"
          />
          Cart
        </button>
      </li>
    </ul>
  </nav>
</header>
`;
