// Jest Snapshot v1, https://goo.gl/fbAQLP

exports[`layout snapshot 1`] = `
<div>
  <header
    id="mainHeader"
  >
    <div
      className=""
      id="outsideAlert"
    >
      <div
        id="leftNavDiv"
      >
        <ul
          className=""
          id="leftNav"
        >
          <a
            className="link"
            href="/login"
            onClick={[Function]}
          >
            <li
              className="navItem"
            >
              <button
                className="navItemButton false"
                disabled={false}
                onClick={[Function]}
                type="button"
              >
                <i
                  className="icon-login"
                />
                Sign in
              </button>
            </li>
          </a>
          <a
            className="link"
            href="/register"
            onClick={[Function]}
          >
            <li
              className="navItem"
            >
              <button
                className="navItemButton false"
                disabled={false}
                onClick={[Function]}
                type="button"
              >
                <i />
                Register
              </button>
            </li>
          </a>
          <li
            className="navItem"
          >
            <button
              className="navItemButton false"
              disabled={false}
              onClick={[Function]}
              type="button"
            >
              <i
                className="icon-search"
              />
              Search
            </button>
          </li>
        </ul>
      </div>
    </div>
    <nav
      id="firstNavbar"
    >
      <button
        className="hamburgerButton"
        onClick={[Function]}
        type="button"
      >
        <span
          className="bar"
        />
        <span
          className="bar"
        />
        <span
          className="bar"
        />
      </button>
      <a
        className="link"
        href="/"
        onClick={[Function]}
      >
        <h1
          className="logo"
        >
          SuitUp
        </h1>
      </a>
      <ul
        id="rightNav"
      >
        <li
          className="navItem"
        >
          <button
            className="navItemButton false"
            disabled={false}
            type="button"
          >
            <i
              className="icon-gift"
            />
            Gift Certificate
          </button>
        </li>
        <li
          className="navItem"
        >
          <button
            className="navItemButton false"
            disabled={false}
            type="button"
          >
            <i
              className="icon-basket"
            />
            Cart
          </button>
        </li>
      </ul>
    </nav>
  </header>
  <nav
    className="sticky"
  >
    <div
      className="secondNavbar"
    >
      <ul
        className="thirdList"
      >
        <li
          className="navDropdown"
        >
          <div
            className="navDropdownTitle"
          >
            For him
          </div>
          <ul
            className="navDropdownList"
          >
            <a
              href="/products"
              onClick={[Function]}
            >
              <li
                className="navDropdownItem"
              >
                Suits
              </li>
            </a>
            <a
              href="/products"
              onClick={[Function]}
            >
              <li
                className="navDropdownItem"
              >
                Shoes
              </li>
            </a>
          </ul>
        </li>
        <li
          className="navItem"
        >
          <button
            className="navItemButton false"
            disabled={false}
            onClick={[Function]}
            type="button"
          >
            <i />
            For her
          </button>
        </li>
        <li
          className="navItem"
        >
          <button
            className="navItemButton false"
            disabled={false}
            onClick={[Function]}
            type="button"
          >
            <i />
            Kids
          </button>
        </li>
        <li
          className="navItem"
        >
          <button
            className="navItemButton false"
            disabled={false}
            onClick={[Function]}
            type="button"
          >
            <i />
            <a
              className="navbarLink"
              href="/"
              onClick={[Function]}
            >
              About
            </a>
          </button>
        </li>
        <li
          className="navItem"
        >
          <button
            className="navItemButton false"
            disabled={false}
            onClick={[Function]}
            type="button"
          >
            <i />
            <a
              className="navbarLink"
              href="/"
              onClick={[Function]}
            >
              Contact
            </a>
          </button>
        </li>
      </ul>
    </div>
  </nav>
  <div
    className="none"
    id="search"
  >
    <li
      className="navItem"
    >
      <button
        className="navItemButton false"
        disabled={false}
        onClick={[Function]}
        type="button"
      >
        <i
          className="icon-cancel"
        />
        Close
      </button>
    </li>
    <input
      id="searchInput"
      placeholder="Search..."
      type="text"
    />
  </div>
  <main>
    <div>
      <div
        className="mainPhoto"
      >
        <img
          alt="Barney Stinson"
          src="http://localhost:3001/get/image/main_image.jpg"
        />
      </div>
      <section
        className="shipmentBonuses"
      >
        <div
          className="shipmentBonusesItem"
          key="box"
        >
          <img
            alt="img"
            src="http://localhost:3001/get/image/box.png"
          />
          <span>
            Free return
          </span>
        </div>
        <div
          className="shipmentBonusesItem"
          key="shipped"
        >
          <img
            alt="img"
            src="http://localhost:3001/get/image/shipped.png"
          />
          <span>
            Free shipment
          </span>
        </div>
        <div
          className="shipmentBonusesItem"
          key="badge"
        >
          <img
            alt="img"
            src="http://localhost:3001/get/image/badge.png"
          />
          <span>
            Highest product quality
          </span>
        </div>
        <div
          className="shipmentBonusesItem"
          key="like"
        >
          <img
            alt="img"
            src="http://localhost:3001/get/image/like.png"
          />
          <span>
            Trusted salesman
          </span>
        </div>
      </section>
      <section
        className="mainPageImage"
      >
        <img
          alt="hi"
          className="image"
          src="http://localhost:3001/get/image/main_page_suit_1.jpg"
        />
        <div
          className="mainPageImageCaption"
        >
          <div
            className="mainPageImageText"
          >
            Winter collection 50% on sale
          </div>
          <button
            className="mainPageImageButton"
            type="button"
          >
            Show
          </button>
        </div>
      </section>
      <section
        className="infoText"
        id="About Us"
      >
        <header>
          <h1>
            About Us
          </h1>
        </header>
        <div
          className="text"
        >
          <div>
            <p>
              <b>
                SuitUp
              </b>
               is an online store with formal clothes for men, women and kids. You can shop the latest trends in fashion suits, sweaters, boots and more.
            </p>
            <p>
              We are online 24/7 at 
              <u>
                SuitUp.com
              </u>
               and you can come and visit our local store and chose you dream suit with a specialist.
            </p>
          </div>
        </div>
      </section>
    </div>
  </main>
  <div
    className="fixedToRight"
  >
    <button
      className="emailButton"
      onClick={[Function]}
      type="button"
    >
      <i
        className="icon-mail"
      />
    </button>
  </div>
  <footer
    className="footer"
  >
    <div
      className="footerColumns"
    >
      <div
        className="footerColumn"
      >
        <b>
          <h3>
            Help
          </h3>
        </b>
        <div
          className="footerColumnItem"
        >
          Returns
        </div>
        <div
          className="footerColumnItem"
        >
          Change
        </div>
        <div
          className="footerColumnItem"
        >
          FAQ
        </div>
      </div>
      <div
        className="footerColumn"
      >
        <b>
          <h3>
            Payment and shipment
          </h3>
        </b>
        <div
          className="footerColumnItem"
        >
          Payment forms
        </div>
        <div
          className="footerColumnItem"
        >
          Shipment forms
        </div>
      </div>
      <div
        className="newsletter"
      >
        <b>
          <h3>
            Sign in for our Newsletter
          </h3>
        </b>
        <div
          style={
            Object {
              "textAlign": "start",
            }
          }
        >
          Sign in if you want to be informed about sales and new collections.
        </div>
        <form
          className="newsletterForm"
          onSubmit={[Function]}
        >
          <input
            className="newsletterInput"
            onChange={[Function]}
            placeholder="Your email..."
            required={true}
            type="email"
            value=""
          />
          <button
            className="newsletterButton"
            type="submit"
          >
            Sign in
          </button>
        </form>
      </div>
    </div>
    <div
      className="socialMedias"
    >
      <h3>
        Join us!
      </h3>
      <div>
        <a
          href="https://www.facebook.com/"
          target="_blanc"
        >
          <i
            className="icon-facebook-official"
          />
        </a>
        <a
          href="https://www.youtube.com/"
          target="_blanc"
        >
          <i
            className="icon-youtube"
          />
        </a>
        <a
          href="https://twitter.com/?lang=pl"
          target="_blanc"
        >
          <i
            className="icon-twitter"
          />
        </a>
        <a
          href="https://www.google.com/"
          target="_blanc"
        >
          <i
            className="icon-gplus"
          />
        </a>
      </div>
    </div>
    <b>
      Copyright © Kacper Kluska 2021. JavaScript course
    </b>
  </footer>
</div>
`;
